src/app/(app)/sessions/page.tsx(46,24): error TS18048: 'orgs' is possibly 'undefined'.
